[0.402s] DEBUG:colcon:Command line arguments: ['/usr/bin/colcon', 'build']
[0.402s] DEBUG:colcon:Parsed command line arguments: Namespace(allow_overriding=[], ament_cmake_args=None, base_paths=['.'], build_base='build', catkin_cmake_args=None, catkin_skip_building_tests=False, cmake_args=None, cmake_clean_cache=False, cmake_clean_first=False, cmake_force_configure=False, cmake_target=None, cmake_target_skip_unavailable=False, continue_on_error=False, event_handlers=None, executor='parallel', ignore_user_meta=False, install_base='install', log_base=None, log_level=None, main=<bound method BuildVerb.main of <colcon_core.verb.build.BuildVerb object at 0x7f64dd54f340>>, merge_install=False, metas=['./colcon.meta'], mixin=None, mixin_files=None, mixin_verb=('build',), packages_above=None, packages_above_and_dependencies=None, packages_above_depth=None, packages_end=None, packages_ignore=None, packages_ignore_regex=None, packages_select=None, packages_select_build_failed=False, packages_select_by_dep=None, packages_select_regex=None, packages_select_test_failures=False, packages_skip=None, packages_skip_build_finished=False, packages_skip_by_dep=None, packages_skip_regex=None, packages_skip_test_passed=False, packages_skip_up_to=None, packages_start=None, packages_up_to=None, packages_up_to_regex=None, parallel_workers=16, paths=None, symlink_install=False, test_result_base=None, verb_extension=<colcon_core.verb.build.BuildVerb object at 0x7f64dd54f340>, verb_name='build', verb_parser=<colcon_mixin.mixin.mixin_argument.MixinArgumentDecorator object at 0x7f64dd423940>)
[0.618s] Level 1:colcon.colcon_core.package_discovery:discover_packages(colcon_meta) check parameters
[0.619s] Level 1:colcon.colcon_core.package_discovery:discover_packages(recursive) check parameters
[0.619s] Level 1:colcon.colcon_core.package_discovery:discover_packages(ignore) check parameters
[0.619s] Level 1:colcon.colcon_core.package_discovery:discover_packages(path) check parameters
[0.619s] Level 1:colcon.colcon_core.package_discovery:discover_packages(colcon_meta) discover
[0.619s] Level 1:colcon.colcon_core.package_discovery:discover_packages(recursive) discover
[0.619s] INFO:colcon.colcon_core.package_discovery:Crawling recursively for packages in '/home/hakim/tether_planning_ws/src/tether_planner'
[0.619s] Level 1:colcon.colcon_core.package_identification:_identify(.) by extensions ['ignore', 'ignore_ament_install']
[0.619s] Level 1:colcon.colcon_core.package_identification:_identify(.) by extension 'ignore'
[0.619s] Level 1:colcon.colcon_core.package_identification:_identify(.) by extension 'ignore_ament_install'
[0.619s] Level 1:colcon.colcon_core.package_identification:_identify(.) by extensions ['colcon_pkg']
[0.619s] Level 1:colcon.colcon_core.package_identification:_identify(.) by extension 'colcon_pkg'
[0.619s] Level 1:colcon.colcon_core.package_identification:_identify(.) by extensions ['colcon_meta']
[0.619s] Level 1:colcon.colcon_core.package_identification:_identify(.) by extension 'colcon_meta'
[0.619s] Level 1:colcon.colcon_core.package_identification:_identify(.) by extensions ['ros']
[0.619s] Level 1:colcon.colcon_core.package_identification:_identify(.) by extension 'ros'
[0.632s] DEBUG:colcon.colcon_core.package_identification:Package '.' with type 'ros.catkin' and name 'tether_planner'
[0.632s] Level 1:colcon.colcon_core.package_discovery:discover_packages(recursive) using defaults
[0.632s] Level 1:colcon.colcon_core.package_discovery:discover_packages(ignore) discover
[0.632s] Level 1:colcon.colcon_core.package_discovery:discover_packages(ignore) using defaults
[0.632s] Level 1:colcon.colcon_core.package_discovery:discover_packages(path) discover
[0.632s] Level 1:colcon.colcon_core.package_discovery:discover_packages(path) using defaults
[0.654s] Level 1:colcon.colcon_core.package_discovery:discover_packages(prefix_path) check parameters
[0.654s] Level 1:colcon.colcon_core.package_discovery:discover_packages(prefix_path) discover
[0.658s] DEBUG:colcon.colcon_installed_package_information.package_discovery:Found 1 installed packages in /opt/ros/noetic
[0.658s] Level 1:colcon.colcon_core.package_discovery:discover_packages(prefix_path) using defaults
[0.662s] Level 5:colcon.colcon_core.verb:set package 'tether_planner' build argument 'cmake_args' from command line to 'None'
[0.662s] Level 5:colcon.colcon_core.verb:set package 'tether_planner' build argument 'cmake_target' from command line to 'None'
[0.662s] Level 5:colcon.colcon_core.verb:set package 'tether_planner' build argument 'cmake_target_skip_unavailable' from command line to 'False'
[0.662s] Level 5:colcon.colcon_core.verb:set package 'tether_planner' build argument 'cmake_clean_cache' from command line to 'False'
[0.662s] Level 5:colcon.colcon_core.verb:set package 'tether_planner' build argument 'cmake_clean_first' from command line to 'False'
[0.662s] Level 5:colcon.colcon_core.verb:set package 'tether_planner' build argument 'cmake_force_configure' from command line to 'False'
[0.662s] Level 5:colcon.colcon_core.verb:set package 'tether_planner' build argument 'ament_cmake_args' from command line to 'None'
[0.662s] Level 5:colcon.colcon_core.verb:set package 'tether_planner' build argument 'catkin_cmake_args' from command line to 'None'
[0.662s] Level 5:colcon.colcon_core.verb:set package 'tether_planner' build argument 'catkin_skip_building_tests' from command line to 'False'
[0.662s] DEBUG:colcon.colcon_core.verb:Building package 'tether_planner' with the following arguments: {'ament_cmake_args': None, 'build_base': '/home/hakim/tether_planning_ws/src/tether_planner/build/tether_planner', 'catkin_cmake_args': None, 'catkin_skip_building_tests': False, 'cmake_args': None, 'cmake_clean_cache': False, 'cmake_clean_first': False, 'cmake_force_configure': False, 'cmake_target': None, 'cmake_target_skip_unavailable': False, 'install_base': '/home/hakim/tether_planning_ws/src/tether_planner/install/tether_planner', 'merge_install': False, 'path': '/home/hakim/tether_planning_ws/src/tether_planner', 'symlink_install': False, 'test_result_base': None}
[0.662s] INFO:colcon.colcon_core.executor:Executing jobs using 'parallel' executor
[0.663s] DEBUG:colcon.colcon_parallel_executor.executor.parallel:run_until_complete
[0.664s] INFO:colcon.colcon_ros.task.catkin.build:Building ROS package in '/home/hakim/tether_planning_ws/src/tether_planner' with build type 'catkin'
[0.665s] INFO:colcon.colcon_cmake.task.cmake.build:Building CMake package in '/home/hakim/tether_planning_ws/src/tether_planner'
[0.670s] INFO:colcon.colcon_core.plugin_system:Skipping extension 'colcon_core.shell.bat': Not used on non-Windows systems
[0.671s] INFO:colcon.colcon_core.shell:Skip shell extension 'powershell' for command environment: Not usable outside of PowerShell
[0.671s] DEBUG:colcon.colcon_core.shell:Skip shell extension 'dsv' for command environment
[0.671s] DEBUG:colcon.colcon_core.shell:Ignoring prefix path '/home/hakim/tether_planning_ws/devel'
[0.681s] DEBUG:colcon.colcon_core.event_handler.log_command:Invoking command in '/home/hakim/tether_planning_ws/src/tether_planner/build/tether_planner': /opt/cmake-3.22.1/bin/cmake /home/hakim/tether_planning_ws/src/tether_planner -DCATKIN_INSTALL_INTO_PREFIX_ROOT=0 -DCMAKE_INSTALL_PREFIX=/home/hakim/tether_planning_ws/src/tether_planner/install/tether_planner
[7.818s] DEBUG:colcon.colcon_core.event_handler.log_command:Invoked command in '/home/hakim/tether_planning_ws/src/tether_planner/build/tether_planner' returned '0': /opt/cmake-3.22.1/bin/cmake /home/hakim/tether_planning_ws/src/tether_planner -DCATKIN_INSTALL_INTO_PREFIX_ROOT=0 -DCMAKE_INSTALL_PREFIX=/home/hakim/tether_planning_ws/src/tether_planner/install/tether_planner
[7.822s] DEBUG:colcon.colcon_core.event_handler.log_command:Invoking command in '/home/hakim/tether_planning_ws/src/tether_planner/build/tether_planner': /opt/cmake-3.22.1/bin/cmake --build /home/hakim/tether_planning_ws/src/tether_planner/build/tether_planner -- -j16 -l16
[92.032s] DEBUG:colcon.colcon_core.event_handler.log_command:Invoked command in '/home/hakim/tether_planning_ws/src/tether_planner/build/tether_planner' returned '0': /opt/cmake-3.22.1/bin/cmake --build /home/hakim/tether_planning_ws/src/tether_planner/build/tether_planner -- -j16 -l16
[92.036s] DEBUG:colcon.colcon_core.event_handler.log_command:Invoking command in '/home/hakim/tether_planning_ws/src/tether_planner/build/tether_planner': /opt/cmake-3.22.1/bin/cmake --build /home/hakim/tether_planning_ws/src/tether_planner/build/tether_planner --target tests -- -j16 -l16
[92.059s] DEBUG:colcon.colcon_core.event_handler.log_command:Invoked command in '/home/hakim/tether_planning_ws/src/tether_planner/build/tether_planner' returned '0': /opt/cmake-3.22.1/bin/cmake --build /home/hakim/tether_planning_ws/src/tether_planner/build/tether_planner --target tests -- -j16 -l16
[92.066s] DEBUG:colcon.colcon_core.event_handler.log_command:Invoking command in '/home/hakim/tether_planning_ws/src/tether_planner/build/tether_planner': /opt/cmake-3.22.1/bin/cmake --install /home/hakim/tether_planning_ws/src/tether_planner/build/tether_planner
[92.077s] DEBUG:colcon.colcon_core.event_handler.log_command:Invoked command in '/home/hakim/tether_planning_ws/src/tether_planner/build/tether_planner' returned '0': /opt/cmake-3.22.1/bin/cmake --install /home/hakim/tether_planning_ws/src/tether_planner/build/tether_planner
[92.078s] Level 1:colcon.colcon_core.shell:create_environment_hook('tether_planner', 'ros_package_path')
[92.079s] INFO:colcon.colcon_core.shell:Creating environment hook '/home/hakim/tether_planning_ws/src/tether_planner/install/tether_planner/share/tether_planner/hook/ros_package_path.ps1'
[92.081s] INFO:colcon.colcon_core.shell:Creating environment descriptor '/home/hakim/tether_planning_ws/src/tether_planner/install/tether_planner/share/tether_planner/hook/ros_package_path.dsv'
[92.081s] INFO:colcon.colcon_core.shell:Creating environment hook '/home/hakim/tether_planning_ws/src/tether_planner/install/tether_planner/share/tether_planner/hook/ros_package_path.sh'
[92.082s] Level 1:colcon.colcon_ros.task.catkin:checking '/home/hakim/tether_planning_ws/src/tether_planner/install/tether_planner/lib/python3/dist-packages'
[92.082s] Level 1:colcon.colcon_core.shell:create_environment_hook('tether_planner', 'pkg_config_path')
[92.082s] INFO:colcon.colcon_core.shell:Creating environment hook '/home/hakim/tether_planning_ws/src/tether_planner/install/tether_planner/share/tether_planner/hook/pkg_config_path.ps1'
[92.083s] INFO:colcon.colcon_core.shell:Creating environment descriptor '/home/hakim/tether_planning_ws/src/tether_planner/install/tether_planner/share/tether_planner/hook/pkg_config_path.dsv'
[92.083s] INFO:colcon.colcon_core.shell:Creating environment hook '/home/hakim/tether_planning_ws/src/tether_planner/install/tether_planner/share/tether_planner/hook/pkg_config_path.sh'
[92.086s] Level 1:colcon.colcon_core.shell:create_environment_hook('tether_planner', 'pkg_config_path_multiarch')
[92.086s] INFO:colcon.colcon_core.shell:Creating environment hook '/home/hakim/tether_planning_ws/src/tether_planner/install/tether_planner/share/tether_planner/hook/pkg_config_path_multiarch.ps1'
[92.087s] INFO:colcon.colcon_core.shell:Creating environment descriptor '/home/hakim/tether_planning_ws/src/tether_planner/install/tether_planner/share/tether_planner/hook/pkg_config_path_multiarch.dsv'
[92.087s] INFO:colcon.colcon_core.shell:Creating environment hook '/home/hakim/tether_planning_ws/src/tether_planner/install/tether_planner/share/tether_planner/hook/pkg_config_path_multiarch.sh'
[92.088s] Level 1:colcon.colcon_core.environment:create_environment_scripts_only(tether_planner)
[92.095s] Level 1:colcon.colcon_core.environment:checking '/home/hakim/tether_planning_ws/src/tether_planner/install/tether_planner' for CMake module files
[92.096s] Level 1:colcon.colcon_core.environment:checking '/home/hakim/tether_planning_ws/src/tether_planner/install/tether_planner' for CMake config files
[92.096s] Level 1:colcon.colcon_core.shell:create_environment_hook('tether_planner', 'cmake_prefix_path')
[92.097s] INFO:colcon.colcon_core.shell:Creating environment hook '/home/hakim/tether_planning_ws/src/tether_planner/install/tether_planner/share/tether_planner/hook/cmake_prefix_path.ps1'
[92.097s] INFO:colcon.colcon_core.shell:Creating environment descriptor '/home/hakim/tether_planning_ws/src/tether_planner/install/tether_planner/share/tether_planner/hook/cmake_prefix_path.dsv'
[92.097s] INFO:colcon.colcon_core.shell:Creating environment hook '/home/hakim/tether_planning_ws/src/tether_planner/install/tether_planner/share/tether_planner/hook/cmake_prefix_path.sh'
[92.098s] Level 1:colcon.colcon_core.environment:checking '/home/hakim/tether_planning_ws/src/tether_planner/install/tether_planner/lib'
[92.098s] Level 1:colcon.colcon_core.environment:checking '/home/hakim/tether_planning_ws/src/tether_planner/install/tether_planner/bin'
[92.098s] Level 1:colcon.colcon_core.environment:checking '/home/hakim/tether_planning_ws/src/tether_planner/install/tether_planner/lib/pkgconfig/tether_planner.pc'
[92.098s] Level 1:colcon.colcon_core.shell:create_environment_hook('tether_planner', 'pkg_config')
[92.098s] INFO:colcon.colcon_core.shell:Creating environment hook '/home/hakim/tether_planning_ws/src/tether_planner/install/tether_planner/share/tether_planner/hook/pkg_config.ps1'
[92.098s] INFO:colcon.colcon_core.shell:Creating environment descriptor '/home/hakim/tether_planning_ws/src/tether_planner/install/tether_planner/share/tether_planner/hook/pkg_config.dsv'
[92.099s] INFO:colcon.colcon_core.shell:Creating environment hook '/home/hakim/tether_planning_ws/src/tether_planner/install/tether_planner/share/tether_planner/hook/pkg_config.sh'
[92.099s] Level 1:colcon.colcon_core.environment:checking '/home/hakim/tether_planning_ws/src/tether_planner/install/tether_planner/lib/python3.8/site-packages'
[92.099s] Level 1:colcon.colcon_core.environment:checking '/home/hakim/tether_planning_ws/src/tether_planner/install/tether_planner/bin'
[92.099s] INFO:colcon.colcon_core.shell:Creating package script '/home/hakim/tether_planning_ws/src/tether_planner/install/tether_planner/share/tether_planner/package.ps1'
[92.101s] INFO:colcon.colcon_core.shell:Creating package descriptor '/home/hakim/tether_planning_ws/src/tether_planner/install/tether_planner/share/tether_planner/package.dsv'
[92.102s] INFO:colcon.colcon_core.shell:Creating package script '/home/hakim/tether_planning_ws/src/tether_planner/install/tether_planner/share/tether_planner/package.sh'
[92.103s] INFO:colcon.colcon_core.shell:Creating package script '/home/hakim/tether_planning_ws/src/tether_planner/install/tether_planner/share/tether_planner/package.bash'
[92.104s] INFO:colcon.colcon_core.shell:Creating package script '/home/hakim/tether_planning_ws/src/tether_planner/install/tether_planner/share/tether_planner/package.zsh'
[92.105s] Level 1:colcon.colcon_core.environment:create_file_with_runtime_dependencies(/home/hakim/tether_planning_ws/src/tether_planner/install/tether_planner/share/colcon-core/packages/tether_planner)
[92.106s] DEBUG:colcon.colcon_parallel_executor.executor.parallel:closing loop
[92.107s] DEBUG:colcon.colcon_parallel_executor.executor.parallel:loop closed
[92.107s] DEBUG:colcon.colcon_parallel_executor.executor.parallel:run_until_complete finished with '0'
[92.107s] DEBUG:colcon.colcon_core.event_reactor:joining thread
[92.148s] INFO:colcon.colcon_core.plugin_system:Skipping extension 'colcon_notification.desktop_notification.notify_send': Could not find 'notify-send'
[92.148s] INFO:colcon.colcon_core.plugin_system:Skipping extension 'colcon_notification.desktop_notification.terminal_notifier': Not used on non-Darwin systems
[92.148s] INFO:colcon.colcon_core.plugin_system:Skipping extension 'colcon_notification.desktop_notification.win32': Not used on non-Windows systems
[92.148s] INFO:colcon.colcon_notification.desktop_notification:Sending desktop notification using 'notify2'
[92.153s] DEBUG:colcon.colcon_notification.desktop_notification.notify2:Failed to initialize notify2: org.freedesktop.DBus.Error.ServiceUnknown: The name org.freedesktop.Notifications was not provided by any .service files
[92.153s] DEBUG:colcon.colcon_core.event_reactor:joined thread
[92.153s] INFO:colcon.colcon_core.shell:Creating prefix script '/home/hakim/tether_planning_ws/src/tether_planner/install/local_setup.ps1'
[92.154s] INFO:colcon.colcon_core.shell:Creating prefix util module '/home/hakim/tether_planning_ws/src/tether_planner/install/_local_setup_util_ps1.py'
[92.156s] INFO:colcon.colcon_core.shell:Creating prefix chain script '/home/hakim/tether_planning_ws/src/tether_planner/install/setup.ps1'
[92.157s] INFO:colcon.colcon_core.shell:Creating prefix script '/home/hakim/tether_planning_ws/src/tether_planner/install/local_setup.sh'
[92.158s] INFO:colcon.colcon_core.shell:Creating prefix util module '/home/hakim/tether_planning_ws/src/tether_planner/install/_local_setup_util_sh.py'
[92.159s] INFO:colcon.colcon_core.shell:Creating prefix chain script '/home/hakim/tether_planning_ws/src/tether_planner/install/setup.sh'
[92.160s] INFO:colcon.colcon_core.shell:Creating prefix script '/home/hakim/tether_planning_ws/src/tether_planner/install/local_setup.bash'
[92.160s] INFO:colcon.colcon_core.shell:Creating prefix chain script '/home/hakim/tether_planning_ws/src/tether_planner/install/setup.bash'
[92.161s] INFO:colcon.colcon_core.shell:Creating prefix script '/home/hakim/tether_planning_ws/src/tether_planner/install/local_setup.zsh'
[92.162s] INFO:colcon.colcon_core.shell:Creating prefix chain script '/home/hakim/tether_planning_ws/src/tether_planner/install/setup.zsh'
