[0.016s] Invoking command in '/home/hakim/tether_planning_ws/src/tether_planner/build/tether_planner': /opt/cmake-3.22.1/bin/cmake /home/hakim/tether_planning_ws/src/tether_planner -DCATKIN_INSTALL_INTO_PREFIX_ROOT=0 -DCMAKE_INSTALL_PREFIX=/home/hakim/tether_planning_ws/src/tether_planner/install/tether_planner
[0.170s] -- The CXX compiler identification is GNU 9.4.0
[1.059s] -- The CUDA compiler identification is NVIDIA 12.4.99
[1.116s] -- Detecting CXX compiler ABI info
[1.218s] -- Detecting CXX compiler ABI info - done
[1.224s] -- Check for working CXX compiler: /usr/bin/c++ - skipped
[1.225s] -- Detecting CXX compile features
[1.226s] -- Detecting CXX compile features - done
[1.232s] -- Detecting CUDA compiler ABI info
[1.712s] -- Detecting CUDA compiler ABI info - done
[1.741s] -- Check for working CUDA compiler: /usr/local/cuda-12.4/bin/nvcc - skipped
[1.741s] -- Detecting CUDA compile features
[1.741s] -- Detecting CUDA compile features - done
[1.748s] -- Using CATKIN_DEVEL_PREFIX: /home/hakim/tether_planning_ws/src/tether_planner/build/tether_planner/devel
[1.748s] -- Using CMAKE_PREFIX_PATH: /home/hakim/tether_planning_ws/devel;/opt/ros/noetic
[1.748s] -- This workspace overlays: /home/hakim/tether_planning_ws/devel;/opt/ros/noetic
[1.779s] -- Found PythonInterp: /usr/bin/python3 (found suitable version "3.8.10", minimum required is "3") 
[1.779s] -- Using PYTHON_EXECUTABLE: /usr/bin/python3
[1.779s] -- Using Debian Python package layout
[1.859s] -- Found PY_em: /usr/lib/python3/dist-packages/em.py  
[1.859s] -- Using empy: /usr/lib/python3/dist-packages/em.py
[1.961s] -- Using CATKIN_ENABLE_TESTING: ON
[1.961s] -- Call enable_testing()
[1.963s] -- Using CATKIN_TEST_RESULTS_DIR: /home/hakim/tether_planning_ws/src/tether_planner/build/tether_planner/test_results
[3.320s] -- Forcing gtest/gmock from source, though one was otherwise available.
[3.320s] -- Found gtest sources under '/usr/src/googletest': gtests will be built
[3.320s] -- Found gmock sources under '/usr/src/googletest': gmock will be built
[3.321s] [0mCMake Deprecation Warning at /usr/src/googletest/CMakeLists.txt:4 (cmake_minimum_required):
[3.321s]   Compatibility with CMake < 2.8.12 will be removed from a future version of
[3.321s]   CMake.
[3.321s] 
[3.321s]   Update the VERSION argument <min> value or use a ...<max> suffix to tell
[3.321s]   CMake that the project does not need compatibility with older versions.
[3.321s] 
[3.321s] [0m
[3.462s] -- The C compiler identification is GNU 9.4.0
[3.672s] -- Detecting C compiler ABI info
[3.760s] -- Detecting C compiler ABI info - done
[3.767s] -- Check for working C compiler: /usr/bin/cc - skipped
[3.768s] -- Detecting C compile features
[3.768s] -- Detecting C compile features - done
[3.773s] [0mCMake Deprecation Warning at /usr/src/googletest/googlemock/CMakeLists.txt:45 (cmake_minimum_required):
[3.773s]   Compatibility with CMake < 2.8.12 will be removed from a future version of
[3.773s]   CMake.
[3.773s] 
[3.773s]   Update the VERSION argument <min> value or use a ...<max> suffix to tell
[3.773s]   CMake that the project does not need compatibility with older versions.
[3.773s] 
[3.773s] [0m
[3.774s] [0mCMake Deprecation Warning at /usr/src/googletest/googletest/CMakeLists.txt:56 (cmake_minimum_required):
[3.774s]   Compatibility with CMake < 2.8.12 will be removed from a future version of
[3.774s]   CMake.
[3.774s] 
[3.774s]   Update the VERSION argument <min> value or use a ...<max> suffix to tell
[3.774s]   CMake that the project does not need compatibility with older versions.
[3.774s] 
[3.774s] [0m
[3.799s] -- Found PythonInterp: /usr/bin/python3 (found version "3.8.10") 
[3.801s] -- Found Threads: TRUE  
[3.891s] -- Using Python nosetests: /usr/bin/nosetests3
[4.073s] -- catkin 0.8.10
[4.073s] -- BUILD_SHARED_LIBS is on
[4.444s] -- Using these message generators: gencpp;geneus;genlisp;gennodejs;genpy
[4.600s] [33mCMake Warning at /opt/ros/noetic/share/catkin/cmake/catkin_package.cmake:166 (message):
[4.601s]   catkin_package() DEPENDS on 'EIGEN3' but neither 'EIGEN3_INCLUDE_DIRS' nor
[4.601s]   'EIGEN3_LIBRARIES' is defined.
[4.601s] Call Stack (most recent call first):
[4.601s]   /opt/ros/noetic/share/catkin/cmake/catkin_package.cmake:102 (_catkin_package)
[4.601s]   CMakeLists.txt:15 (catkin_package)
[4.601s] 
[4.601s] [0m
[4.601s] [33mCMake Warning at /opt/ros/noetic/share/catkin/cmake/catkin_package.cmake:166 (message):
[4.601s]   catkin_package() DEPENDS on 'CUDA' but neither 'CUDA_INCLUDE_DIRS' nor
[4.601s]   'CUDA_LIBRARIES' is defined.
[4.601s] Call Stack (most recent call first):
[4.601s]   /opt/ros/noetic/share/catkin/cmake/catkin_package.cmake:102 (_catkin_package)
[4.601s]   CMakeLists.txt:15 (catkin_package)
[4.601s] 
[4.601s] [0m
[4.601s] [33mCMake Warning at /opt/ros/noetic/share/catkin/cmake/catkin_package.cmake:166 (message):
[4.601s]   catkin_package() DEPENDS on 'OMPL' but neither 'OMPL_INCLUDE_DIRS' nor
[4.601s]   'OMPL_LIBRARIES' is defined.
[4.601s] Call Stack (most recent call first):
[4.601s]   /opt/ros/noetic/share/catkin/cmake/catkin_package.cmake:102 (_catkin_package)
[4.601s]   CMakeLists.txt:15 (catkin_package)
[4.601s] 
[4.601s] [0m
[4.719s] -- Found CUDAToolkit: /usr/local/cuda-12.4/include (found version "12.4.99") 
[7.054s] -- Configuring done
[7.119s] -- Generating done
[7.142s] -- Build files have been written to: /home/hakim/tether_planning_ws/src/tether_planner/build/tether_planner
[7.153s] Invoked command in '/home/hakim/tether_planning_ws/src/tether_planner/build/tether_planner' returned '0': /opt/cmake-3.22.1/bin/cmake /home/hakim/tether_planning_ws/src/tether_planner -DCATKIN_INSTALL_INTO_PREFIX_ROOT=0 -DCMAKE_INSTALL_PREFIX=/home/hakim/tether_planning_ws/src/tether_planner/install/tether_planner
[7.156s] Invoking command in '/home/hakim/tether_planning_ws/src/tether_planner/build/tether_planner': /opt/cmake-3.22.1/bin/cmake --build /home/hakim/tether_planning_ws/src/tether_planner/build/tether_planner -- -j16 -l16
[7.173s] [ 11%] [32mBuilding CXX object CMakeFiles/tether_planner_node.dir/src/tether_planner_main.cpp.o[0m
[7.174s] [ 22%] [32mBuilding CXX object CMakeFiles/tether_planner_node.dir/src/publishers.cpp.o[0m
[7.174s] [ 33%] [32mBuilding CXX object CMakeFiles/tether_planner_node.dir/src/helper_functions.cpp.o[0m
[7.174s] [ 44%] [32mBuilding CXX object CMakeFiles/tether_planner_node.dir/src/global_vars.cpp.o[0m
[7.174s] [ 55%] [32mBuilding CXX object CMakeFiles/tether_planner_node.dir/src/my_motion_validator.cpp.o[0m
[7.174s] [ 77%] [32mBuilding CXX object CMakeFiles/tether_planner_node.dir/src/tether_planner.cpp.o[0m
[7.175s] [ 77%] [32mBuilding CXX object CMakeFiles/tether_planner_node.dir/src/collision_checker.cpp.o[0m
[7.175s] [ 88%] [32mBuilding CXX object CMakeFiles/tether_planner_node.dir/src/nvblox_functions.cpp.o[0m
[20.012s] [01m[K/home/hakim/tether_planning_ws/src/tether_planner/src/publishers.cpp:[m[K In function ‘[01m[Kvoid publishBlueRovMarker(ros::Publisher&, const std::vector<double>&, const std::vector<double>&, const string&)[m[K’:
[20.012s] [01m[K/home/hakim/tether_planning_ws/src/tether_planner/src/publishers.cpp:7:32:[m[K [01;35m[Kwarning: [m[Kunused parameter ‘[01m[Kcurrent_att_quat[m[K’ [[01;35m[K-Wunused-parameter[m[K]
[20.012s]     7 |     [01;35m[Kconst std::vector<double>& current_att_quat[m[K,
[20.012s]       |     [01;35m[K~~~~~~~~~~~~~~~~~~~~~~~~~~~^~~~~~~~~~~~~~~~[m[K
[21.306s] [01m[K/home/hakim/tether_planning_ws/src/tether_planner/src/helper_functions.cpp:[m[K In function ‘[01m[Kbool isPointInsideCylinder(const Vector3f&, const cylinder_obs&)[m[K’:
[21.306s] [01m[K/home/hakim/tether_planning_ws/src/tether_planner/src/helper_functions.cpp:279:19:[m[K [01;35m[Kwarning: [m[Kvariable ‘[01m[KclosestPointOnAxis[m[K’ set but not used [[01;35m[K-Wunused-but-set-variable[m[K]
[21.306s]   279 |   Eigen::Vector3f [01;35m[KclosestPointOnAxis[m[K =
[21.306s]       |                   [01;35m[K^~~~~~~~~~~~~~~~~~[m[K
[21.325s] [01m[K/home/hakim/tether_planning_ws/src/tether_planner/src/tether_planner.cpp:[m[K In member function ‘[01m[Kompl::geometric::PathGeometric TetherPlanner::findNextGoal(const ompl::geometric::PathGeometric&, const std::vector<double>&, const std::vector<double>&, double&, const std::shared_ptr<ompl::base::RealVectorStateSpace>&, const std::shared_ptr<ompl::base::SpaceInformation>&)[m[K’:
[21.326s] [01m[K/home/hakim/tether_planning_ws/src/tether_planner/src/tether_planner.cpp:89:25:[m[K [01;35m[Kwarning: [m[Kcomparison of integer expressions of different signedness: ‘[01m[Kint[m[K’ and ‘[01m[Kstd::vector<std::vector<double> >::size_type[m[K’ {aka ‘[01m[Klong unsigned int[m[K’} [[01;35m[K-Wsign-compare[m[K]
[21.326s]    89 |       for (int i = 0; [01;35m[Ki < exit_points_list_.size()[m[K; i++) {
[21.326s]       |                       [01;35m[K~~^~~~~~~~~~~~~~~~~~~~~~~~~~[m[K
[21.340s] [01m[K/home/hakim/tether_planning_ws/src/tether_planner/src/tether_planner.cpp:[m[K In member function ‘[01m[Kstd::vector<double> TetherPlanner::FindNextPointAlongPath(const std::vector<double>&, const std::vector<double>&, const ompl::geometric::PathGeometric&)[m[K’:
[21.340s] [01m[K/home/hakim/tether_planning_ws/src/tether_planner/src/tether_planner.cpp:296:32:[m[K [01;35m[Kwarning: [m[Kunused parameter ‘[01m[Kcurrent_position[m[K’ [[01;35m[K-Wunused-parameter[m[K]
[21.340s]   296 |     [01;35m[Kconst std::vector<double> &current_position[m[K,
[21.340s]       |     [01;35m[K~~~~~~~~~~~~~~~~~~~~~~~~~~~^~~~~~~~~~~~~~~~[m[K
[21.344s] [01m[K/home/hakim/tether_planning_ws/src/tether_planner/src/tether_planner.cpp:[m[K In member function ‘[01m[Kompl::geometric::PathGeometric TetherPlanner::CalculateAlternativePath_i(int, ompl::geometric::PathGeometric, std::vector<double>, const std::shared_ptr<ompl::base::SpaceInformation>&)[m[K’:
[21.344s] [01m[K/home/hakim/tether_planning_ws/src/tether_planner/src/tether_planner.cpp:445:17:[m[K [01;35m[Kwarning: [m[Kunused variable ‘[01m[Kstate[m[K’ [[01;35m[K-Wunused-variable[m[K]
[21.344s]   445 |     const auto *[01;35m[Kstate[m[K = Alternative_Path.getState(i)
[21.344s]       |                 [01;35m[K^~~~~[m[K
[21.345s] [01m[K/home/hakim/tether_planning_ws/src/tether_planner/src/tether_planner.cpp:[m[K In member function ‘[01m[Kompl::geometric::PathGeometric TetherPlanner::CalculateAlternativePath_iRRT(int, ompl::geometric::PathGeometric, std::vector<double>, const std::shared_ptr<ompl::base::SpaceInformation>&)[m[K’:
[21.346s] [01m[K/home/hakim/tether_planning_ws/src/tether_planner/src/tether_planner.cpp:520:15:[m[K [01;35m[Kwarning: [m[Kunused variable ‘[01m[Kstate[m[K’ [[01;35m[K-Wunused-variable[m[K]
[21.346s]   520 |   const auto *[01;35m[Kstate[m[K = Alternative_Path.getState(i)
[21.346s]       |               [01;35m[K^~~~~[m[K
[21.348s] [01m[K/home/hakim/tether_planning_ws/src/tether_planner/src/tether_planner.cpp:[m[K In member function ‘[01m[Kompl::geometric::PathGeometric TetherPlanner::SearchAlternativePath(ompl::geometric::PathGeometric, std::vector<double>, const std::shared_ptr<ompl::base::SpaceInformation>&, double)[m[K’:
[21.348s] [01m[K/home/hakim/tether_planning_ws/src/tether_planner/src/tether_planner.cpp:565:21:[m[K [01;35m[Kwarning: [m[Kcomparison of integer expressions of different signedness: ‘[01m[Kint[m[K’ and ‘[01m[Kstd::size_t[m[K’ {aka ‘[01m[Klong unsigned int[m[K’} [[01;35m[K-Wsign-compare[m[K]
[21.349s]   565 |   for (int i = 3; [01;35m[Ki < tether.getStateCount()-2[m[K; i++) {
[21.349s]       |                   [01;35m[K~~^~~~~~~~~~~~~~~~~~~~~~~~~~[m[K
[21.349s] [01m[K/home/hakim/tether_planning_ws/src/tether_planner/src/helper_functions.cpp:[m[K In function ‘[01m[Kvoid densifyPointCloud(pcl::PointCloud<pcl::PointXYZ>::Ptr&)[m[K’:
[21.349s] [01m[K/home/hakim/tether_planning_ws/src/tether_planner/src/helper_functions.cpp:486:28:[m[K [01;35m[Kwarning: [m[K‘[01m[Kvoid pcl::MovingLeastSquares<PointInT, PointOutT>::setPolynomialFit(bool) [with PointInT = pcl::PointXYZ; PointOutT = pcl::PointXYZ][m[K’ is deprecated: use setPolynomialOrder() instead [[01;35m[K-Wdeprecated-declarations[m[K]
[21.350s]   486 |   mls.setPolynomialFit(true[01;35m[K)[m[K;
[21.350s]       |                            [01;35m[K^[m[K
[21.350s] In file included from [01m[K/home/hakim/tether_planning_ws/src/tether_planner/include/global_vars.hpp:21[m[K,
[21.350s]                  from [01m[K/home/hakim/tether_planning_ws/src/tether_planner/include/publishers.hpp:23[m[K,
[21.350s]                  from [01m[K/home/hakim/tether_planning_ws/src/tether_planner/include/helper_functions.hpp:3[m[K,
[21.350s]                  from [01m[K/home/hakim/tether_planning_ws/src/tether_planner/src/helper_functions.cpp:1[m[K:
[21.350s] [01m[K/usr/include/pcl-1.10/pcl/surface/mls.h:361:7:[m[K [01;36m[Knote: [m[Kdeclared here
[21.350s]   361 |       [01;36m[KsetPolynomialFit[m[K (bool polynomial_fit)
[21.350s]       |       [01;36m[K^~~~~~~~~~~~~~~~[m[K
[21.354s] [01m[K/home/hakim/tether_planning_ws/src/tether_planner/src/tether_planner.cpp:[m[K In member function ‘[01m[Kstd::vector<double> TetherPlanner::GetNextPointAlongPath(const ompl::geometric::PathGeometric&, std::vector<double>, std::vector<double>, const std::shared_ptr<ompl::base::SpaceInformation>&)[m[K’:
[21.354s] [01m[K/home/hakim/tether_planning_ws/src/tether_planner/src/tether_planner.cpp:770:10:[m[K [01;35m[Kwarning: [m[Kunused variable ‘[01m[Kdelta_safe[m[K’ [[01;35m[K-Wunused-variable[m[K]
[21.354s]   770 |   double [01;35m[Kdelta_safe[m[K = 1.0;
[21.355s]       |          [01;35m[K^~~~~~~~~~[m[K
[21.355s] [01m[K/home/hakim/tether_planning_ws/src/tether_planner/src/tether_planner.cpp:762:31:[m[K [01;35m[Kwarning: [m[Kunused parameter ‘[01m[Kcurrent_position[m[K’ [[01;35m[K-Wunused-parameter[m[K]
[21.355s]   762 |     [01;35m[Kconst std::vector<double> current_position[m[K, const std::vector<double> goal,
[21.355s]       |     [01;35m[K~~~~~~~~~~~~~~~~~~~~~~~~~~^~~~~~~~~~~~~~~~[m[K
[22.448s] [01m[K/home/hakim/tether_planning_ws/src/tether_planner/src/helper_functions.cpp:[m[K In function ‘[01m[Kvoid removeWaypoint(std::vector<std::vector<double> >&, int)[m[K’:
[22.448s] [01m[K/home/hakim/tether_planning_ws/src/tether_planner/src/helper_functions.cpp:872:27:[m[K [01;35m[Kwarning: [m[Kcomparison of integer expressions of different signedness: ‘[01m[Kint[m[K’ and ‘[01m[Kstd::vector<std::vector<double> >::size_type[m[K’ {aka ‘[01m[Klong unsigned int[m[K’} [[01;35m[K-Wsign-compare[m[K]
[22.448s]   872 |   if (index >= 0 && [01;35m[Kindex < way_point_traj.size()[m[K) {
[22.448s]       |                     [01;35m[K~~~~~~^~~~~~~~~~~~~~~~~~~~~~~[m[K
[22.450s] [01m[K/home/hakim/tether_planning_ws/src/tether_planner/src/helper_functions.cpp:[m[K In function ‘[01m[Kvoid initializePointCloud(pcl::PointCloud<pcl::PointXYZ>::Ptr&)[m[K’:
[22.450s] [01m[K/home/hakim/tether_planning_ws/src/tether_planner/src/helper_functions.cpp:882:11:[m[K [01;35m[Kwarning: [m[Kunused variable ‘[01m[Kscale_factor[m[K’ [[01;35m[K-Wunused-variable[m[K]
[22.450s]   882 |     float [01;35m[Kscale_factor[m[K = 1.0;
[22.450s]       |           [01;35m[K^~~~~~~~~~~~[m[K
[22.476s] [01m[K/home/hakim/tether_planning_ws/src/tether_planner/src/helper_functions.cpp:[m[K In function ‘[01m[Kvoid initializeROS(int, char**, ros::NodeHandle&)[m[K’:
[22.477s] [01m[K/home/hakim/tether_planning_ws/src/tether_planner/src/helper_functions.cpp:1027:60:[m[K [01;35m[Kwarning: [m[Kunused parameter ‘[01m[Knh[m[K’ [[01;35m[K-Wunused-parameter[m[K]
[22.477s]  1027 | void initializeROS(int argc, char **argv, [01;35m[Kros::NodeHandle &nh[m[K)
[22.477s]       |                                           [01;35m[K~~~~~~~~~~~~~~~~~^~[m[K
[22.501s] [01m[K/home/hakim/tether_planning_ws/src/tether_planner/src/helper_functions.cpp:[m[K In function ‘[01m[Kvoid initializeGlobalVariables()[m[K’:
[22.501s] [01m[K/home/hakim/tether_planning_ws/src/tether_planner/src/helper_functions.cpp:1088:12:[m[K [01;35m[Kwarning: [m[Kunused variable ‘[01m[KdistanceThreshold[m[K’ [[01;35m[K-Wunused-variable[m[K]
[22.501s]  1088 |     double [01;35m[KdistanceThreshold[m[K = 10;
[22.501s]       |            [01;35m[K^~~~~~~~~~~~~~~~~[m[K
[22.600s] [01m[K/home/hakim/tether_planning_ws/src/tether_planner/src/tether_planner.cpp:[m[K In member function ‘[01m[Kstd::vector<double> TetherPlanner::getPointAlongPath(const ompl::geometric::PathGeometric&, int)[m[K’:
[22.600s] [01m[K/home/hakim/tether_planning_ws/src/tether_planner/src/tether_planner.cpp:1189:17:[m[K [01;35m[Kwarning: [m[Kcomparison of integer expressions of different signedness: ‘[01m[Kint[m[K’ and ‘[01m[Kstd::size_t[m[K’ {aka ‘[01m[Klong unsigned int[m[K’} [[01;35m[K-Wsign-compare[m[K]
[22.600s]  1189 | if (i >= 0 && [01;35m[Ki < path.getStateCount()[m[K) {
[22.600s]       |               [01;35m[K~~^~~~~~~~~~~~~~~~~~~~~~[m[K
[22.784s] [01m[K/home/hakim/tether_planning_ws/src/tether_planner/src/tether_planner_main.cpp:[m[K In function ‘[01m[Kint main(int, char**)[m[K’:
[22.785s] [01m[K/home/hakim/tether_planning_ws/src/tether_planner/src/tether_planner_main.cpp:246:28:[m[K [01;35m[Kwarning: [m[Kcomparison of integer expressions of different signedness: ‘[01m[Kint[m[K’ and ‘[01m[Kstd::vector<std::vector<double> >::size_type[m[K’ {aka ‘[01m[Klong unsigned int[m[K’} [[01;35m[K-Wsign-compare[m[K]
[22.785s]   246 |     if (count > 0 && [01;35m[Kcount < way_point_traj.size()[m[K) {
[22.785s]       |                      [01;35m[K~~~~~~^~~~~~~~~~~~~~~~~~~~~~~[m[K
[22.786s] [01m[K/home/hakim/tether_planning_ws/src/tether_planner/src/tether_planner_main.cpp:256:15:[m[K [01;35m[Kwarning: [m[Kcomparison of integer expressions of different signedness: ‘[01m[Kint[m[K’ and ‘[01m[Kstd::vector<std::vector<double> >::size_type[m[K’ {aka ‘[01m[Klong unsigned int[m[K’} [[01;35m[K-Wsign-compare[m[K]
[22.786s]   256 |         [01;35m[Kcount < way_point_traj.size() - 1[m[K && finding_safe_path == false) {
[22.786s]       |         [01;35m[K~~~~~~^~~~~~~~~~~~~~~~~~~~~~~~~~~[m[K
[22.793s] [01m[K/home/hakim/tether_planning_ws/src/tether_planner/src/tether_planner_main.cpp:344:53:[m[K [01;35m[Kwarning: [m[Kcomparison of integer expressions of different signedness: ‘[01m[Kint[m[K’ and ‘[01m[Kstd::size_t[m[K’ {aka ‘[01m[Klong unsigned int[m[K’} [[01;35m[K-Wsign-compare[m[K]
[22.793s]   344 |     if (PathSafe.getStateCount() > 2 && [01;35m[Ki_safe_path == PathSafe.getStateCount()-2[m[K) {
[22.793s]       |                                         [01;35m[K~~~~~~~~~~~~^~~~~~~~~~~~~~~~~~~~~~~~~~~~~[m[K
[22.797s] [01m[K/home/hakim/tether_planning_ws/src/tether_planner/src/tether_planner_main.cpp:365:9:[m[K [01;35m[Kwarning: [m[Kunused variable ‘[01m[Kcalculated_final_segment[m[K’ [[01;35m[K-Wunused-variable[m[K]
[22.797s]   365 |    bool [01;35m[Kcalculated_final_segment[m[K = simplifier.ropeRRTtether( PathIntermediate, contactPoints, delta,
[22.797s]       |         [01;35m[K^~~~~~~~~~~~~~~~~~~~~~~~[m[K
[22.799s] [01m[K/home/hakim/tether_planning_ws/src/tether_planner/src/tether_planner_main.cpp:426:22:[m[K [01;35m[Kwarning: [m[Kcomparison of integer expressions of different signedness: ‘[01m[Kint[m[K’ and ‘[01m[Kstd::size_t[m[K’ {aka ‘[01m[Klong unsigned int[m[K’} [[01;35m[K-Wsign-compare[m[K]
[22.799s]   426 |      if ([01;35m[Ki_safe_path >= PathSafe.getStateCount()[m[K ||
[22.799s]       |          [01;35m[K~~~~~~~~~~~~^~~~~~~~~~~~~~~~~~~~~~~~~~~[m[K
[22.800s] [01m[K/home/hakim/tether_planning_ws/src/tether_planner/src/tether_planner_main.cpp:445:19:[m[K [01;35m[Kwarning: [m[Kunused variable ‘[01m[Kstate[m[K’ [[01;35m[K-Wunused-variable[m[K]
[22.800s]   445 |       const auto *[01;35m[Kstate[m[K =
[22.800s]       |                   [01;35m[K^~~~~[m[K
[22.800s] [01m[K/home/hakim/tether_planning_ws/src/tether_planner/src/tether_planner_main.cpp:453:21:[m[K [01;35m[Kwarning: [m[Kunused variable ‘[01m[Kstate[m[K’ [[01;35m[K-Wunused-variable[m[K]
[22.800s]   453 |         const auto *[01;35m[Kstate[m[K =
[22.800s]       |                     [01;35m[K^~~~~[m[K
[22.801s] [01m[K/home/hakim/tether_planning_ws/src/tether_planner/src/tether_planner_main.cpp:231:10:[m[K [01;35m[Kwarning: [m[Kunused variable ‘[01m[Ktether_computed[m[K’ [[01;35m[K-Wunused-variable[m[K]
[22.801s]   231 |     bool [01;35m[Ktether_computed[m[K = simplifier.ropeRRTtether(P_t, contactPoints, delta,
[22.801s]       |          [01;35m[K^~~~~~~~~~~~~~~[m[K
[22.801s] [01m[K/home/hakim/tether_planning_ws/src/tether_planner/src/tether_planner_main.cpp:234:8:[m[K [01;35m[Kwarning: [m[Kunused variable ‘[01m[Kpath_computed[m[K’ [[01;35m[K-Wunused-variable[m[K]
[22.801s]   234 |   bool [01;35m[Kpath_computed[m[K = simplifier_path.ropeRRTtether(P_t_path, contactPoints, delta,
[22.801s]       |        [01;35m[K^~~~~~~~~~~~~[m[K
[22.801s] [01m[K/home/hakim/tether_planning_ws/src/tether_planner/src/tether_planner_main.cpp:266:12:[m[K [01;35m[Kwarning: [m[Kunused variable ‘[01m[KTether_length[m[K’ [[01;35m[K-Wunused-variable[m[K]
[22.801s]   266 |     double [01;35m[KTether_length[m[K = planner.findTetherLength(P_t);
[22.801s]       |            [01;35m[K^~~~~~~~~~~~~[m[K
[22.801s] [01m[K/home/hakim/tether_planning_ws/src/tether_planner/src/tether_planner_main.cpp:305:12:[m[K [01;35m[Kwarning: [m[Kunused variable ‘[01m[Ksafe_distance[m[K’ [[01;35m[K-Wunused-variable[m[K]
[22.801s]   305 |     double [01;35m[Ksafe_distance[m[K = 1.0;
[22.801s]       |            [01;35m[K^~~~~~~~~~~~~[m[K
[22.801s] [01m[K/home/hakim/tether_planning_ws/src/tether_planner/src/tether_planner_main.cpp:24:13:[m[K [01;35m[Kwarning: [m[Kvariable ‘[01m[Klast_time[m[K’ set but not used [[01;35m[K-Wunused-but-set-variable[m[K]
[22.801s]    24 |   ros::Time [01;35m[Klast_time[m[K =
[22.801s]       |             [01;35m[K^~~~~~~~~[m[K
[22.801s] [01m[K/home/hakim/tether_planning_ws/src/tether_planner/src/tether_planner_main.cpp:104:9:[m[K [01;35m[Kwarning: [m[Kunused variable ‘[01m[Kleaf_size[m[K’ [[01;35m[K-Wunused-variable[m[K]
[22.802s]   104 |   float [01;35m[Kleaf_size[m[K = 0.02f; // Adjust the leaf size as needed
[22.802s]       |         [01;35m[K^~~~~~~~~[m[K
[22.802s] [01m[K/home/hakim/tether_planning_ws/src/tether_planner/src/tether_planner_main.cpp:120:28:[m[K [01;35m[Kwarning: [m[Kunused variable ‘[01m[Kesdf_layer[m[K’ [[01;35m[K-Wunused-variable[m[K]
[22.802s]   120 |   const nvblox::EsdfLayer& [01;35m[Kesdf_layer[m[K = pipe_map->esdf_layer();
[22.802s]       |                            [01;35m[K^~~~~~~~~~[m[K
[22.802s] [01m[K/home/hakim/tether_planning_ws/src/tether_planner/src/tether_planner_main.cpp:166:8:[m[K [01;35m[Kwarning: [m[Kunused variable ‘[01m[Kfirst_compute[m[K’ [[01;35m[K-Wunused-variable[m[K]
[22.802s]   166 |   bool [01;35m[Kfirst_compute[m[K = true;
[22.802s]       |        [01;35m[K^~~~~~~~~~~~~[m[K
[22.836s] [01m[K/home/hakim/tether_planning_ws/src/tether_planner/src/tether_planner.cpp:[m[K In member function ‘[01m[Kvoid TetherPlanner::PopTetherCentroid(ompl::geometric::PathGeometric&, const std::shared_ptr<ompl::base::SpaceInformation>&, double)[m[K’:
[22.836s] [01m[K/home/hakim/tether_planning_ws/src/tether_planner/src/tether_planner.cpp:1630:130:[m[K [01;35m[Kwarning: [m[Kunused parameter ‘[01m[Ksi[m[K’ [[01;35m[K-Wunused-parameter[m[K]
[22.836s]  1630 | void TetherPlanner::PopTetherCentroid(ompl::geometric::PathGeometric &path, [01;35m[Kconst std::shared_ptr<ompl::base::SpaceInformation> &si[m[K, double delta) {
[22.836s]       |                                                                             [01;35m[K~~~~~~~~~~~~~~~~~~~~~~~~~~~~~~~~~~~~~~~~~~~~~~~~~~~~~^~[m[K
[88.686s] [100%] [32m[1mLinking CXX executable devel/lib/tether_planner/tether_planner_node[0m
[91.361s] [100%] Built target tether_planner_node
[91.367s] Invoked command in '/home/hakim/tether_planning_ws/src/tether_planner/build/tether_planner' returned '0': /opt/cmake-3.22.1/bin/cmake --build /home/hakim/tether_planning_ws/src/tether_planner/build/tether_planner -- -j16 -l16
[91.371s] Invoking command in '/home/hakim/tether_planning_ws/src/tether_planner/build/tether_planner': /opt/cmake-3.22.1/bin/cmake --build /home/hakim/tether_planning_ws/src/tether_planner/build/tether_planner --target tests -- -j16 -l16
[91.390s] Built target tests
[91.393s] Invoked command in '/home/hakim/tether_planning_ws/src/tether_planner/build/tether_planner' returned '0': /opt/cmake-3.22.1/bin/cmake --build /home/hakim/tether_planning_ws/src/tether_planner/build/tether_planner --target tests -- -j16 -l16
[91.401s] Invoking command in '/home/hakim/tether_planning_ws/src/tether_planner/build/tether_planner': /opt/cmake-3.22.1/bin/cmake --install /home/hakim/tether_planning_ws/src/tether_planner/build/tether_planner
[91.402s] -- Install configuration: ""
[91.403s] -- Installing: /home/hakim/tether_planning_ws/src/tether_planner/install/tether_planner/lib/pkgconfig/tether_planner.pc
[91.403s] -- Installing: /home/hakim/tether_planning_ws/src/tether_planner/install/tether_planner/share/tether_planner/cmake/tether_plannerConfig.cmake
[91.403s] -- Installing: /home/hakim/tether_planning_ws/src/tether_planner/install/tether_planner/share/tether_planner/cmake/tether_plannerConfig-version.cmake
[91.403s] -- Installing: /home/hakim/tether_planning_ws/src/tether_planner/install/tether_planner/share/tether_planner/package.xml
[91.404s] -- Installing: /home/hakim/tether_planning_ws/src/tether_planner/install/tether_planner/lib/tether_planner/tether_planner_node
[91.410s] -- Set runtime path of "/home/hakim/tether_planning_ws/src/tether_planner/install/tether_planner/lib/tether_planner/tether_planner_node" to ""
[91.412s] Invoked command in '/home/hakim/tether_planning_ws/src/tether_planner/build/tether_planner' returned '0': /opt/cmake-3.22.1/bin/cmake --install /home/hakim/tether_planning_ws/src/tether_planner/build/tether_planner
